// Jest Snapshot v1, https://goo.gl/fbAQLP

exports[`<Header /> should render title and subtitle 1`] = `
<div>
  <div
    class="flex flex-col gap-0 w-full max-w-sm leading-3"
  >
    <h1
      class="font-Roboto text-xl text-white font-bold leading-[65px]"
    >
      Project Title
    </h1>
    <h2
      class="font-Roboto text-lg text-white font-bold text-white/75"
    >
      Collection
    </h2>
  </div>
</div>
`;
